CACM Information Retrieval System Testing
Parsing CACM files...
Collection Size: 3204 documents
Total words: 196450
Total unique words (vocabulary): 7988

Testing Boolean InvertedIndex
Index built in 595 ms
Approximate vocabulary size passed: 7988
Serialized InvertedIndex size: 1.43 MB
Mode: ALTERNATING
Metrics (Averaged over 52 queries): Time: 0,97 ms | Precision: 0,0593 | Recall: 0,5392 | F1: 0,0871 | Accuracy: 0,9080
Mode: AND
Metrics (Averaged over 52 queries): Time: 0,24 ms | Precision: 0,0983 | Recall: 0,0245 | F1: 0,0276 | Accuracy: 0,9953
Mode: OR
Metrics (Averaged over 52 queries): Time: 1,71 ms | Precision: 0,0120 | Recall: 0,9240 | F1: 0,0234 | Accuracy: 0,5763

Testing MatrixDictionary
Index built in 289 ms
Serialized MatrixDictionary size: 2.43 MB
Mode: ALTERNATING
Metrics (Averaged over 52 queries): Time: 0,26 ms | Precision: 0,0593 | Recall: 0,5392 | F1: 0,0871 | Accuracy: 0,9080
Mode: AND
Metrics (Averaged over 52 queries): Time: 0,04 ms | Precision: 0,0983 | Recall: 0,0245 | F1: 0,0276 | Accuracy: 0,9953
Mode: OR
Metrics (Averaged over 52 queries): Time: 0,19 ms | Precision: 0,0120 | Recall: 0,9240 | F1: 0,0234 | Accuracy: 0,5763

Testing DoubleTreeDictionary
Index built in 282 ms
Serialized DoubleTreeDictionary size: 2.20 MB
Mode: ALTERNATING
Metrics (Averaged over 52 queries): Time: 1,73 ms | Precision: 0,0521 | Recall: 0,2941 | F1: 0,0506 | Accuracy: 0,9222
Mode: AND
Metrics (Averaged over 52 queries): Time: 0,47 ms | Precision: 0,0983 | Recall: 0,0245 | F1: 0,0276 | Accuracy: 0,9953
Mode: OR
Metrics (Averaged over 52 queries): Time: 0,36 ms | Precision: 0,0116 | Recall: 0,9269 | F1: 0,0228 | Accuracy: 0,5659

Testing KGramIndex
Index built in 366 ms
Serialized KGramIndex size: 2.45 MB
Mode: ALTERNATING
Metrics (Averaged over 52 queries): Time: 2,73 ms | Precision: 0,0521 | Recall: 0,2941 | F1: 0,0506 | Accuracy: 0,9222
Mode: AND
Metrics (Averaged over 52 queries): Time: 0,96 ms | Precision: 0,0983 | Recall: 0,0245 | F1: 0,0276 | Accuracy: 0,9953
Mode: OR
Metrics (Averaged over 52 queries): Time: 0,90 ms | Precision: 0,0116 | Recall: 0,9269 | F1: 0,0228 | Accuracy: 0,5659

Testing RotatedTermIndex
Index built in 346 ms
Serialized RotatedTermIndex size: 2.91 MB
Mode: ALTERNATING
Metrics (Averaged over 52 queries): Time: 0,93 ms | Precision: 0,0521 | Recall: 0,2941 | F1: 0,0506 | Accuracy: 0,9222
Mode: AND
Metrics (Averaged over 52 queries): Time: 0,46 ms | Precision: 0,0983 | Recall: 0,0245 | F1: 0,0276 | Accuracy: 0,9953
Mode: OR
Metrics (Averaged over 52 queries): Time: 0,45 ms | Precision: 0,0116 | Recall: 0,9269 | F1: 0,0228 | Accuracy: 0,5659

Testing RankedSearcher (Without Clustering)
Ranked Index built in 350 ms
Serialized Ranked_InvertedIndex size: 6.30 MB
Serialized Ranked_DocumentVectors size: 3.15 MB
Metrics (Averaged over 52 queries):
Time: 6,27 ms | P@10: 0,2865 | P@50: 0,1192 | 11-pt AP: 0,2686
   [11-point Precision levels (0.0 to 1.0)]: 0,7315, 0,5254, 0,4396, 0,3443, 0,2650, 0,1997, 0,1506, 0,1050, 0,0849, 0,0544, 0,0544
   [52-point Precision Arrays]:
    P: [0,5962, 0,4712, 0,4423, 0,3942, 0,3692, 0,3397, 0,3269, 0,3101, 0,2949, 0,2865, 0,2762, 0,2644, 0,2544, 0,2459, 0,2372, 0,2272, 0,2206, 0,2147, 0,2085, 0,2029, 0,1978, 0,1923, 0,1881, 0,1851, 0,1831, 0,1797, 0,1745, 0,1696, 0,1671, 0,1647, 0,1607, 0,1569, 0,1538, 0,1510, 0,1484, 0,1453, 0,1419, 0,1402, 0,1391, 0,1361, 0,1341, 0,1319, 0,1306, 0,1294, 0,1274, 0,1267, 0,1248, 0,1230, 0,1217, 0,1192, 0,1169, 0,1146]
    R: [0,0861, 0,1291, 0,1621, 0,1750, 0,1964, 0,2083, 0,2408, 0,2570, 0,2691, 0,2854, 0,2921, 0,2992, 0,3132, 0,3231, 0,3307, 0,3398, 0,3446, 0,3500, 0,3558, 0,3661, 0,3761, 0,3819, 0,3872, 0,3976, 0,4046, 0,4090, 0,4118, 0,4127, 0,4233, 0,4294, 0,4351, 0,4367, 0,4389, 0,4442, 0,4463, 0,4491, 0,4498, 0,4542, 0,4601, 0,4605, 0,4637, 0,4659, 0,4700, 0,4724, 0,4734, 0,4771, 0,4780, 0,4832, 0,4862, 0,4862, 0,4862, 0,4862]

Testing ClusterSearcher (Ranked Retrieval)
Cluster Index built in 523 ms. Clusters created: 56
Serialized Cluster_InvertedIndex size: 6.30 MB
Serialized Cluster_DocumentVectors size: 3.15 MB
Serialized Cluster_Clusters size: 3.12 MB
Metrics (Averaged over 52 queries):
Time: 1,21 ms | P@10: 0,2519 | P@50: 0,0888 | 11-pt AP: 0,1928
   [11-point Precision levels (0.0 to 1.0)]: 0,6228, 0,4267, 0,3250, 0,2420, 0,1794, 0,1295, 0,0825, 0,0473, 0,0220, 0,0220, 0,0220
   [52-point Precision Arrays]:
    P: [0,4808, 0,4135, 0,3846, 0,3606, 0,3192, 0,2981, 0,2885, 0,2740, 0,2628, 0,2519, 0,2413, 0,2276, 0,2219, 0,2170, 0,2051, 0,1947, 0,1878, 0,1806, 0,1731, 0,1644, 0,1566, 0,1512, 0,1480, 0,1450, 0,1400, 0,1376, 0,1346, 0,1312, 0,1280, 0,1256, 0,1228, 0,1202, 0,1171, 0,1154, 0,1137, 0,1116, 0,1097, 0,1078, 0,1055, 0,1029, 0,1013, 0,0998, 0,0993, 0,0979, 0,0962, 0,0949, 0,0933, 0,0913, 0,0899, 0,0888, 0,0890, 0,0880]
    R: [0,0550, 0,0859, 0,1063, 0,1325, 0,1413, 0,1527, 0,1862, 0,1956, 0,2082, 0,2141, 0,2217, 0,2264, 0,2355, 0,2490, 0,2514, 0,2527, 0,2593, 0,2642, 0,2676, 0,2676, 0,2676, 0,2687, 0,2714, 0,2745, 0,2751, 0,2815, 0,2851, 0,2859, 0,2888, 0,2921, 0,2929, 0,2973, 0,2984, 0,3013, 0,3032, 0,3043, 0,3054, 0,3080, 0,3085, 0,3085, 0,3102, 0,3114, 0,3144, 0,3167, 0,3173, 0,3184, 0,3222, 0,3222, 0,3229, 0,3238, 0,3336, 0,3357]

Testing MapReduce Indexing
MAP-START: Processing file cacm_mr_input.txt (ID: 1)
PHASE: MAP FINISHED in 0 min 0 sec (377 ms).
REDUCE-START: Partition 0
REDUCE-START: Partition 3
REDUCE-START: Partition 1
REDUCE-START: Partition 7
REDUCE-START: Partition 4
REDUCE-START: Partition 5
REDUCE-START: Partition 2
REDUCE-START: Partition 6
PHASE: REDUCE FINISHED in 0 min 0 sec (61 ms).
REDUCE-START: Partition 8
PHASE: REDUCE FINISHED in 0 min 0 sec (70 ms).
REDUCE-START: Partition 9
PHASE: REDUCE FINISHED in 0 min 0 sec (73 ms).
REDUCE-START: Partition 10
PHASE: REDUCE FINISHED in 0 min 0 sec (79 ms).
PHASE: REDUCE FINISHED in 0 min 0 sec (80 ms).
REDUCE-START: Partition 11
REDUCE-START: Partition 12
PHASE: REDUCE FINISHED in 0 min 0 sec (97 ms).
REDUCE-START: Partition 13
PHASE: REDUCE FINISHED in 0 min 0 sec (49 ms).
REDUCE-START: Partition 14
PHASE: REDUCE FINISHED in 0 min 0 sec (45 ms).
REDUCE-START: Partition 15
PHASE: REDUCE FINISHED in 0 min 0 sec (32 ms).
PHASE: REDUCE FINISHED in 0 min 0 sec (26 ms).
PHASE: REDUCE FINISHED in 0 min 0 sec (152 ms).
PHASE: REDUCE FINISHED in 0 min 0 sec (85 ms).
PHASE: REDUCE FINISHED in 0 min 0 sec (51 ms).
PHASE: REDUCE FINISHED in 0 min 0 sec (73 ms).
PHASE: REDUCE FINISHED in 0 min 0 sec (169 ms).
PHASE: REDUCE FINISHED in 0 min 0 sec (76 ms).
Compressing generated index parts...
MapReduce Compression time: 146 ms
Compressed Data Total Size: 0.21 MB
MapReduce Total Indexing (including compression) time: 802 ms
